SQL> SELECT * FROM Printer WHERE color=1;

     MODEL      COLOR TYPE                      PRICE                           
---------- ---------- -------------------- ----------                           
      3001          1 ink-jet                      99                           
      3003          1 laser                       899                           
      3004          1 ink-jet                     120                           
      3006          1 ink-jet                     100                           
      3007          1 laser                       200                           

SQL> SELECT model, speed, hd FROM PC WHERE price<800;

     MODEL      SPEED         HD                                                
---------- ---------- ----------                                                
      1003       1.42         80                                                
      1004        2.8        250                                                
      1005        3.2        250                                                
      1007        2.2        200                                                
      1008        2.2        250                                                
      1009          2        250                                                
      1010        2.8        300                                                
      1012        2.8        160                                                
      1013       3.06         80                                                

9 개의 행이 선택되었습니다.

SQL> SELECT DISTINCT maker FROM Product WHERE type='laptop';

MAKER                                                                           
----------                                                                      
A                                                                               
B                                                                               
E                                                                               
F                                                                               
G                                                                               

SQL> (SELECT maker FROM Product WHERE type='pc') MINUS (SELECT maker FROM Product WHERE type='laptop');

MAKER                                                                           
----------                                                                      
C                                                                               
D                                                                               

SQL> (SELECT Product.model, price FROM Product, PC WHERE Product.model = PC.model AND maker = 'C') UNION
  2  (SELECT Product.model, price FROM Product, Laptop WHERE Product.model = Laptop.model AND maker = 'C') UNION
  3  (SELECT Product.model, price FROM Product, Printer WHERE Product.model = Printer.model AND maker = 'C');

     MODEL      PRICE                                                           
---------- ----------                                                           
      1007        510                                                           

SQL> SELECT DISTINCT speed FROM PC P1
  2  WHERE (SELECT COUNT(*) FROM PC P2 WHERE P1.speed=P2.speed) >= 2;

     SPEED                                                                      
----------                                                                      
       2.2                                                                      
       2.8                                                                      
       3.2                                                                      

SQL> SPOOL off
